// Jest Snapshot v1, https://goo.gl/fbAQLP

exports[`ProductList should call addToCart when "Adicionar ao Carrinho" button is clicked 1`] = `
<div>
  <div
    class="sc-blHHSb bfVLgD"
  >
    <div
      class="sc-gtLWhw iEWsjm"
    >
      <div
        class="sc-egkSDF gJHYNM"
      >
        <img
          alt="Produto 1"
          class="sc-fAUdSK fHCJtw"
          src="https://via.placeholder.com/150"
        />
      </div>
      <h2>
        R$100.00
      </h2>
      <h3>
        Produto 1
      </h3>
      <p
        class="sc-dntaoT jiGTwa"
      >
        De: $120.00
      </p>
      <p>
        Por: $100.00
      </p>
      <button
        class="sc-ivxoEo htZkwW"
      >
        <div
          class="sc-ghWlax dNFRXS"
        >
          <svg
            aria-hidden="true"
            class="MuiSvgIcon-root MuiSvgIcon-fontSizeMedium sc-kLhKbu eMIYyl css-20bmp1-MuiSvgIcon-root"
            data-testid="ShoppingCartIcon"
            focusable="false"
            viewBox="0 0 24 24"
          >
            <path
              d="M7 18c-1.1 0-1.99.9-1.99 2S5.9 22 7 22s2-.9 2-2-.9-2-2-2M1 2v2h2l3.6 7.59-1.35 2.45c-.16.28-.25.61-.25.96 0 1.1.9 2 2 2h12v-2H7.42c-.14 0-.25-.11-.25-.25l.03-.12.9-1.63h7.45c.75 0 1.41-.41 1.75-1.03l3.58-6.49c.08-.14.12-.31.12-.48 0-.55-.45-1-1-1H5.21l-.94-2zm16 16c-1.1 0-1.99.9-1.99 2s.89 2 1.99 2 2-.9 2-2-.9-2-2-2"
            />
          </svg>
        </div>
        Adicionar ao Carrinho
      </button>
    </div>
    <div
      class="sc-gtLWhw iEWsjm"
    >
      <div
        class="sc-egkSDF gJHYNM"
      >
        <img
          alt="Produto 2"
          class="sc-fAUdSK fHCJtw"
          src="https://via.placeholder.com/150"
        />
      </div>
      <h2>
        R$200.00
      </h2>
      <h3>
        Produto 2
      </h3>
      <p
        class="sc-dntaoT jiGTwa"
      >
        De: $250.00
      </p>
      <p>
        Por: $200.00
      </p>
      <button
        class="sc-ivxoEo htZkwW"
      >
        <div
          class="sc-ghWlax dNFRXS"
        >
          <svg
            aria-hidden="true"
            class="MuiSvgIcon-root MuiSvgIcon-fontSizeMedium sc-kLhKbu eMIYyl css-20bmp1-MuiSvgIcon-root"
            data-testid="ShoppingCartIcon"
            focusable="false"
            viewBox="0 0 24 24"
          >
            <path
              d="M7 18c-1.1 0-1.99.9-1.99 2S5.9 22 7 22s2-.9 2-2-.9-2-2-2M1 2v2h2l3.6 7.59-1.35 2.45c-.16.28-.25.61-.25.96 0 1.1.9 2 2 2h12v-2H7.42c-.14 0-.25-.11-.25-.25l.03-.12.9-1.63h7.45c.75 0 1.41-.41 1.75-1.03l3.58-6.49c.08-.14.12-.31.12-.48 0-.55-.45-1-1-1H5.21l-.94-2zm16 16c-1.1 0-1.99.9-1.99 2s.89 2 1.99 2 2-.9 2-2-.9-2-2-2"
            />
          </svg>
        </div>
        Adicionar ao Carrinho
      </button>
    </div>
  </div>
</div>
`;

exports[`ProductList should render correctly 1`] = `
<div>
  <div
    class="sc-blHHSb bfVLgD"
  >
    <div
      class="sc-gtLWhw iEWsjm"
    >
      <div
        class="sc-egkSDF gJHYNM"
      >
        <img
          alt="Produto 1"
          class="sc-fAUdSK fHCJtw"
          src="https://via.placeholder.com/150"
        />
      </div>
      <h2>
        R$100.00
      </h2>
      <h3>
        Produto 1
      </h3>
      <p
        class="sc-dntaoT jiGTwa"
      >
        De: $120.00
      </p>
      <p>
        Por: $100.00
      </p>
      <button
        class="sc-ivxoEo htZkwW"
      >
        <div
          class="sc-ghWlax dNFRXS"
        >
          <svg
            aria-hidden="true"
            class="MuiSvgIcon-root MuiSvgIcon-fontSizeMedium sc-kLhKbu eMIYyl css-20bmp1-MuiSvgIcon-root"
            data-testid="ShoppingCartIcon"
            focusable="false"
            viewBox="0 0 24 24"
          >
            <path
              d="M7 18c-1.1 0-1.99.9-1.99 2S5.9 22 7 22s2-.9 2-2-.9-2-2-2M1 2v2h2l3.6 7.59-1.35 2.45c-.16.28-.25.61-.25.96 0 1.1.9 2 2 2h12v-2H7.42c-.14 0-.25-.11-.25-.25l.03-.12.9-1.63h7.45c.75 0 1.41-.41 1.75-1.03l3.58-6.49c.08-.14.12-.31.12-.48 0-.55-.45-1-1-1H5.21l-.94-2zm16 16c-1.1 0-1.99.9-1.99 2s.89 2 1.99 2 2-.9 2-2-.9-2-2-2"
            />
          </svg>
        </div>
        Adicionar ao Carrinho
      </button>
    </div>
    <div
      class="sc-gtLWhw iEWsjm"
    >
      <div
        class="sc-egkSDF gJHYNM"
      >
        <img
          alt="Produto 2"
          class="sc-fAUdSK fHCJtw"
          src="https://via.placeholder.com/150"
        />
      </div>
      <h2>
        R$200.00
      </h2>
      <h3>
        Produto 2
      </h3>
      <p
        class="sc-dntaoT jiGTwa"
      >
        De: $250.00
      </p>
      <p>
        Por: $200.00
      </p>
      <button
        class="sc-ivxoEo htZkwW"
      >
        <div
          class="sc-ghWlax dNFRXS"
        >
          <svg
            aria-hidden="true"
            class="MuiSvgIcon-root MuiSvgIcon-fontSizeMedium sc-kLhKbu eMIYyl css-20bmp1-MuiSvgIcon-root"
            data-testid="ShoppingCartIcon"
            focusable="false"
            viewBox="0 0 24 24"
          >
            <path
              d="M7 18c-1.1 0-1.99.9-1.99 2S5.9 22 7 22s2-.9 2-2-.9-2-2-2M1 2v2h2l3.6 7.59-1.35 2.45c-.16.28-.25.61-.25.96 0 1.1.9 2 2 2h12v-2H7.42c-.14 0-.25-.11-.25-.25l.03-.12.9-1.63h7.45c.75 0 1.41-.41 1.75-1.03l3.58-6.49c.08-.14.12-.31.12-.48 0-.55-.45-1-1-1H5.21l-.94-2zm16 16c-1.1 0-1.99.9-1.99 2s.89 2 1.99 2 2-.9 2-2-.9-2-2-2"
            />
          </svg>
        </div>
        Adicionar ao Carrinho
      </button>
    </div>
  </div>
</div>
`;
